2026-03-30 09:34:31 [INFO] site.punkfiction: Загружаем страницу: https://punkfiction.ru/#afisha
2026-03-30 09:34:31 [DEBUG] site.punkfiction: Rate limit: пауза 2.0 сек перед запросом
2026-03-30 09:34:33 [DEBUG] site.punkfiction: Попытка 1/3: GET https://punkfiction.ru/#afisha
2026-03-30 09:34:34 [DEBUG] site.punkfiction: Успешно загружено (5817 байт)
2026-03-30 09:34:34 [INFO] site.punkfiction: Найдено блоков событий: 0
2026-03-30 09:34:34 [INFO] site.punkfiction: Успешно разобрано событий: 0
2026-03-30 09:38:09 [INFO] site.punkfiction: Загружаем страницу: https://punkfiction.ru/
2026-03-30 09:38:09 [DEBUG] site.punkfiction: Rate limit: пауза 2.0 сек перед запросом
2026-03-30 09:38:11 [DEBUG] site.punkfiction: Попытка 1/3: GET https://punkfiction.ru/
2026-03-30 09:38:12 [DEBUG] site.punkfiction: Успешно загружено (5817 байт)
2026-03-30 09:38:12 [INFO] site.punkfiction: Найдено блоков событий: 0
2026-03-30 09:38:12 [INFO] site.punkfiction: Успешно разобрано событий: 0
2026-03-30 09:43:44 [INFO] site.punkfiction: [JSON API] Загружаем данные: https://punkfiction.ru/shows/api
2026-03-30 09:43:44 [DEBUG] site.punkfiction: Rate limit: пауза 1.0 сек перед запросом
2026-03-30 09:43:46 [INFO] site.punkfiction: [JSON API] Получено объектов: 5
2026-03-30 09:43:46 [DEBUG] site.punkfiction: Скачивание изображения (попытка 1/3): https://dvizh.storage.yandexcloud.net/user_data/27862/events/event_697b59b515d6d.jpg
2026-03-30 09:43:47 [INFO] site.punkfiction: Изображение сохранено: /home/runner/workspace/scraper/images/punkfiction/Marta_Prell_3_апреля_Москва_a4b70e5a.jpg (18103 байт)
2026-03-30 09:43:47 [DEBUG] site.punkfiction: Скачивание изображения (попытка 1/3): https://dvizh.storage.yandexcloud.net/user_data/27862/events/event_69be5bcac55b7.jpg
2026-03-30 09:43:47 [INFO] site.punkfiction: Изображение сохранено: /home/runner/workspace/scraper/images/punkfiction/4_апреля_-_PPM_PTM_SMT_-_Punk_Fiction_d474bf84.jpg (18303 байт)
2026-03-30 09:43:47 [DEBUG] site.punkfiction: Скачивание изображения (попытка 1/3): https://dvizh.storage.yandexcloud.net/user_data/27862/events/event_69be5d25a3623.jpg
2026-03-30 09:43:48 [INFO] site.punkfiction: Изображение сохранено: /home/runner/workspace/scraper/images/punkfiction/9_апреля_мятный_крикет_и_утром_удалю_Москва_0f456164.jpg (34228 байт)
2026-03-30 09:43:48 [DEBUG] site.punkfiction: Скачивание изображения (попытка 1/3): https://dvizh.storage.yandexcloud.net/user_data/27862/events/event_69be5e9342464.jpg
2026-03-30 09:43:49 [INFO] site.punkfiction: Изображение сохранено: /home/runner/workspace/scraper/images/punkfiction/ПИТОНЫ_3000_МОСКВА_Punk_Fiction_768a88c4.jpg (27836 байт)
2026-03-30 09:43:49 [DEBUG] site.punkfiction: Скачивание изображения (попытка 1/3): https://dvizh.storage.yandexcloud.net/user_data/27862/events/event_69b852a32895d.jpg
2026-03-30 09:43:50 [INFO] site.punkfiction: Изображение сохранено: /home/runner/workspace/scraper/images/punkfiction/2404_ВЕРНИТЕ_РЭЯ_ФАЙН_591082eb.jpg (22781 байт)
2026-03-30 09:43:50 [INFO] site.punkfiction: Успешно разобрано событий: 5
